warning: unused manifest key: example.2.eframe
warning: the feature `generic_const_exprs` is incomplete and may not be safe to use and/or cause compiler crashes
 --> /Volumes/DPC/work/plant-code/aios-parse-pdms/src/lib.rs:8:12
  |
8 | #![feature(generic_const_exprs)]
  |            ^^^^^^^^^^^^^^^^^^^
  |
  = note: see issue #76560 <https://github.com/rust-lang/rust/issues/76560> for more information
  = note: `#[warn(incomplete_features)]` on by default

warning: the feature `core_intrinsics` is internal to the compiler or standard library
 --> /Volumes/DPC/work/plant-code/aios-parse-pdms/src/lib.rs:4:12
  |
4 | #![feature(core_intrinsics)]
  |            ^^^^^^^^^^^^^^^
  |
  = note: using it is strongly discouraged
  = note: `#[warn(internal_features)]` on by default

warning: unused `#[macro_use]` import
  --> /Volumes/DPC/work/plant-code/aios-parse-pdms/src/lib.rs:10:1
   |
10 | #[macro_use]
   | ^^^^^^^^^^^^
   |
   = note: `#[warn(unused_imports)]` (part of `#[warn(unused)]`) on by default

warning: unused `#[macro_use]` import
  --> /Volumes/DPC/work/plant-code/aios-parse-pdms/src/lib.rs:25:1
   |
25 | #[macro_use]
   | ^^^^^^^^^^^^

warning: unused `#[macro_use]` import
  --> /Volumes/DPC/work/plant-code/aios-parse-pdms/src/lib.rs:28:1
   |
28 | #[macro_use]
   | ^^^^^^^^^^^^

warning: unused `#[macro_use]` import
  --> /Volumes/DPC/work/plant-code/aios-parse-pdms/src/lib.rs:32:1
   |
32 | #[macro_use]
   | ^^^^^^^^^^^^

warning: unexpected `cfg` condition name: `debug_parse_expr`
    --> /Volumes/DPC/work/plant-code/aios-parse-pdms/src/parse.rs:2143:11
     |
2143 |     #[cfg(debug_parse_expr)]
     |           ^^^^^^^^^^^^^^^^
     |
     = help: expected names are: `docsrs`, `feature`, and `test` and 31 more
     = help: consider using a Cargo feature instead
     = help: or consider adding in `Cargo.toml` the `check-cfg` lint config for the lint:
              [lints.rust]
              unexpected_cfgs = { level = "warn", check-cfg = ['cfg(debug_parse_expr)'] }
     = help: or consider adding `println!("cargo::rustc-check-cfg=cfg(debug_parse_expr)");` to the top of the `build.rs`
     = note: see <https://doc.rust-lang.org/nightly/rustc/check-cfg/cargo-specifics.html> for more information about checking conditional configuration
     = note: `#[warn(unexpected_cfgs)]` on by default

warning: the feature `associated_type_bounds` has been stable since 1.79.0 and no longer requires an attribute to enable
 --> /Volumes/DPC/work/plant-code/aios-parse-pdms/src/lib.rs:5:12
  |
5 | #![feature(associated_type_bounds)]
  |            ^^^^^^^^^^^^^^^^^^^^^^
  |
  = note: `#[warn(stable_features)]` on by default

warning: the feature `let_chains` has been stable since 1.88.0 and no longer requires an attribute to enable
 --> /Volumes/DPC/work/plant-code/aios-parse-pdms/src/lib.rs:6:12
  |
6 | #![feature(let_chains)]
  |            ^^^^^^^^^^

warning: the feature `async_closure` has been stable since 1.85.0 and no longer requires an attribute to enable
 --> /Volumes/DPC/work/plant-code/aios-parse-pdms/src/lib.rs:7:12
  |
7 | #![feature(async_closure)]
  |            ^^^^^^^^^^^^^

warning: the feature `exclusive_range_pattern` has been stable since 1.80.0 and no longer requires an attribute to enable
 --> /Volumes/DPC/work/plant-code/aios-parse-pdms/src/lib.rs:9:12
  |
9 | #![feature(exclusive_range_pattern)]
  |            ^^^^^^^^^^^^^^^^^^^^^^^

warning: the feature `array_methods` has been stable since 1.77.0 and no longer requires an attribute to enable
 --> /Volumes/DPC/work/plant-code/aios-parse-pdms/src/lib.rs:2:12
  |
2 | #![feature(array_methods)]
  |            ^^^^^^^^^^^^^

warning: unused import: `tokio::io::AsyncReadExt`
  --> /Volumes/DPC/work/plant-code/aios-parse-pdms/src/parse.rs:46:5
   |
46 | use tokio::io::AsyncReadExt;
   |     ^^^^^^^^^^^^^^^^^^^^^^^

warning: unused import: `itertools::Itertools`
  --> /Volumes/DPC/work/plant-code/aios-parse-pdms/src/parse.rs:21:5
   |
21 | use itertools::Itertools;
   |     ^^^^^^^^^^^^^^^^^^^^

warning: unused import: `core::slice::SlicePattern`
  --> /Volumes/DPC/work/plant-code/aios-parse-pdms/src/parse.rs:19:5
   |
19 | use core::slice::SlicePattern;
   |     ^^^^^^^^^^^^^^^^^^^^^^^^^

warning: value assigned to `memb_bytes_len` is never read
   --> /Volumes/DPC/work/plant-code/aios-parse-pdms/src/parse.rs:325:30
    |
325 |     let mut memb_bytes_len = 0;
    |                              ^
    |
    = help: maybe it is overwritten before being read?
    = note: `#[warn(unused_assignments)]` (part of `#[warn(unused)]`) on by default

warning: value assigned to `memb_bytes_len` is never read
   --> /Volumes/DPC/work/plant-code/aios-parse-pdms/src/parse.rs:368:30
    |
368 |     let mut memb_bytes_len = 0;
    |                              ^
    |
    = help: maybe it is overwritten before being read?

warning: value assigned to `step_w` is never read
   --> /Volumes/DPC/work/plant-code/aios-parse-pdms/src/parse.rs:473:26
    |
473 |         let mut step_w = 0;
    |                          ^
    |
    = help: maybe it is overwritten before being read?

warning: function `gen_resolve_error` is never used
  --> /Volumes/DPC/work/plant-code/aios-parse-pdms/src/error_types.rs:61:4
   |
61 | fn gen_resolve_error() -> anyhow::Result<u32> {
   |    ^^^^^^^^^^^^^^^^^
   |
   = note: `#[warn(dead_code)]` (part of `#[warn(unused)]`) on by default

warning: function `get_uda_full_name` is never used
    --> /Volumes/DPC/work/plant-code/aios-parse-pdms/src/parse.rs:1201:10
     |
1201 | async fn get_uda_full_name(hash: i32) -> Option<String> {
     |          ^^^^^^^^^^^^^^^^^

warning: function `get_uda_short_name` is never used
    --> /Volumes/DPC/work/plant-code/aios-parse-pdms/src/parse.rs:1213:10
     |
1213 | async fn get_uda_short_name(hash: i32) -> Option<String> {
     |          ^^^^^^^^^^^^^^^^^^

warning: function `convert_int_to_axis_str` is never used
    --> /Volumes/DPC/work/plant-code/aios-parse-pdms/src/parse.rs:1662:4
     |
1662 | fn convert_int_to_axis_str(n: i32) -> &'static str {
     |    ^^^^^^^^^^^^^^^^^^^^^^^

warning: constant `ATT_PX` is never used
  --> /Volumes/DPC/work/plant-code/aios-parse-pdms/src/parse_explict_tools.rs:16:7
   |
16 | const ATT_PX: i32 = 0xFFF7E177u32 as i32;
   |       ^^^^^^

warning: constant `ATT_PY` is never used
  --> /Volumes/DPC/work/plant-code/aios-parse-pdms/src/parse_explict_tools.rs:17:7
   |
17 | const ATT_PY: i32 = 0xFFF7E15Cu32 as i32;
   |       ^^^^^^

warning: constant `ATT_PZ` is never used
  --> /Volumes/DPC/work/plant-code/aios-parse-pdms/src/parse_explict_tools.rs:18:7
   |
18 | const ATT_PZ: i32 = 0xFFF7E141u32 as i32;
   |       ^^^^^^

warning: constant `ATT_PDIA` is never used
  --> /Volumes/DPC/work/plant-code/aios-parse-pdms/src/parse_explict_tools.rs:19:7
   |
19 | const ATT_PDIA: i32 = 0xFFF77D0Fu32 as i32;
   |       ^^^^^^^^

warning: constant `ATT_PHEI` is never used
  --> /Volumes/DPC/work/plant-code/aios-parse-pdms/src/parse_explict_tools.rs:20:7
   |
20 | const ATT_PHEI: i32 = 0xFFF520EFu32 as i32;
   |       ^^^^^^^^

warning: constant `ATT_PDIS` is never used
  --> /Volumes/DPC/work/plant-code/aios-parse-pdms/src/parse_explict_tools.rs:21:7
   |
21 | const ATT_PDIS: i32 = 0xFFF21519u32 as i32;
   |       ^^^^^^^^

warning: constant `ATT_PCON` is never used
  --> /Volumes/DPC/work/plant-code/aios-parse-pdms/src/parse_explict_tools.rs:22:7
   |
22 | const ATT_PCON: i32 = 0xFFF3848Du32 as i32;
   |       ^^^^^^^^

warning: constant `ATT_PBOR` is never used
  --> /Volumes/DPC/work/plant-code/aios-parse-pdms/src/parse_explict_tools.rs:23:7
   |
23 | const ATT_PBOR: i32 = 0xFFF2511Cu32 as i32;
   |       ^^^^^^^^

warning: constant `ATT_PPRO` is never used
  --> /Volumes/DPC/work/plant-code/aios-parse-pdms/src/parse_explict_tools.rs:24:7
   |
24 | const ATT_PPRO: i32 = 0xFFF32DC0u32 as i32;
   |       ^^^^^^^^

warning: constant `ATT_DPRO` is never used
  --> /Volumes/DPC/work/plant-code/aios-parse-pdms/src/parse_explict_tools.rs:25:7
   |
25 | const ATT_DPRO: i32 = 0xFFF32DCCu32 as i32;
   |       ^^^^^^^^

warning: constant `ATT_BTHK` is never used
  --> /Volumes/DPC/work/plant-code/aios-parse-pdms/src/parse_explict_tools.rs:26:7
   |
26 | const ATT_BTHK: i32 = 0xFFF47D68u32 as i32;
   |       ^^^^^^^^

warning: constant `ATT_PTCDI` is never used
  --> /Volumes/DPC/work/plant-code/aios-parse-pdms/src/parse_explict_tools.rs:27:7
   |
27 | const ATT_PTCDI: i32 = 0x95A34;
   |       ^^^^^^^^^

warning: function `parser` is never used
 --> /Volumes/DPC/work/plant-code/aios-parse-pdms/src/test_cases/test_nom.rs:7:4
  |
7 | fn parser(s: &[u8]) -> IResult<&[u8], (Vec<i32>, &[u8])> {
  |    ^^^^^^

warning: function `test_parse_members_has_07` is never used
  --> /Volumes/DPC/work/plant-code/aios-parse-pdms/src/test_cases/test_parse_element.rs:41:10
   |
41 | async fn test_parse_members_has_07() {
   |          ^^^^^^^^^^^^^^^^^^^^^^^^^

warning: function `test_parse_specific_segments` is never used
  --> /Volumes/DPC/work/plant-code/aios-parse-pdms/src/test_cases/binary_data_parser_test.rs:69:4
   |
69 | fn test_parse_specific_segments(data: &[u8]) {
   |    ^^^^^^^^^^^^^^^^^^^^^^^^^^^^

warning: unused `std::result::Result` that must be used
   --> /Volumes/DPC/work/plant-code/aios-parse-pdms/src/parse.rs:102:13
    |
102 |             file.read_to_end(&mut attr_buf);
    |             ^^^^^^^^^^^^^^^^^^^^^^^^^^^^^^^
    |
    = note: this `Result` may be an `Err` variant, which should be handled
    = note: `#[warn(unused_must_use)]` (part of `#[warn(unused)]`) on by default
help: use `let _ = ...` to ignore the resulting value
    |
102 |             let _ = file.read_to_end(&mut attr_buf);
    |             +++++++

warning: `parse_pdms_db` (lib) generated 38 warnings
warning: unused import: `converter::*`
  --> /Volumes/DPC/work/plant-code/gen-xkt/src/prim_geo/mod.rs:23:9
   |
23 | pub use converter::*;
   |         ^^^^^^^^^^^^
   |
   = note: `#[warn(unused_imports)]` (part of `#[warn(unused)]`) on by default

warning: variable does not need to be mutable
   --> /Volumes/DPC/work/plant-code/gen-xkt/src/xkt/spatial.rs:231:13
    |
231 |         let mut model_aabb = if let Some(aabb) = self.model_aabb {
    |             ----^^^^^^^^^^
    |             |
    |             help: remove this `mut`
    |
    = note: `#[warn(unused_mut)]` (part of `#[warn(unused)]`) on by default

warning: structure field `castsShadow` should have a snake case name
  --> /Volumes/DPC/work/plant-code/gen-xkt/src/xkt/entity.rs:58:9
   |
58 |     pub castsShadow: bool,
   |         ^^^^^^^^^^^ help: convert the identifier to snake case: `casts_shadow`
   |
   = note: `#[warn(non_snake_case)]` (part of `#[warn(nonstandard_style)]`) on by default

warning: structure field `receivesShadow` should have a snake case name
  --> /Volumes/DPC/work/plant-code/gen-xkt/src/xkt/entity.rs:60:9
   |
60 |     pub receivesShadow: bool,
   |         ^^^^^^^^^^^^^^ help: convert the identifier to snake case: `receives_shadow`

warning: unused import: `std::convert::TryFrom`
  --> /Volumes/DPC/work/plant-code/pdms-io/src/defines.rs:10:5
   |
10 | use std::convert::TryFrom;
   |     ^^^^^^^^^^^^^^^^^^^^^
   |
   = note: `#[warn(unused_imports)]` (part of `#[warn(unused)]`) on by default

warning: unused import: `std::convert::TryFrom`
 --> /Volumes/DPC/work/plant-code/pdms-io/src/test/test_parse.rs:2:5
  |
2 | use std::convert::TryFrom;
  |     ^^^^^^^^^^^^^^^^^^^^^

warning: unused import: `StreamExt`
 --> /Volumes/DPC/work/plant-code/pdms-io/src/watch.rs:6:14
  |
6 |     SinkExt, StreamExt,
  |              ^^^^^^^^^

warning: function `get_test_database_path` is never used
  --> /Volumes/DPC/work/plant-code/pdms-io/src/test/test_history_data.rs:75:4
   |
75 | fn get_test_database_path(relative_path: &str) -> String {
   |    ^^^^^^^^^^^^^^^^^^^^^^
   |
   = note: `#[warn(dead_code)]` (part of `#[warn(unused)]`) on by default

warning: function `find_session_for_page` is never used
    --> /Volumes/DPC/work/plant-code/pdms-io/src/test/test_collect_latest_eles.rs:1637:4
     |
1637 | fn find_session_for_page(io: &mut PdmsIO, page_no: u32) -> Option<u32> {
     |    ^^^^^^^^^^^^^^^^^^^^^

warning: function `find_parent_index_path` is never used
    --> /Volumes/DPC/work/plant-code/pdms-io/src/test/test_collect_latest_eles.rs:1656:4
     |
1656 | fn find_parent_index_path(io: &mut PdmsIO, leaf_page_no: u32, sesno: ...
     |    ^^^^^^^^^^^^^^^^^^^^^^

warning: function `find_path_to_leaf` is never used
    --> /Volumes/DPC/work/plant-code/pdms-io/src/test/test_collect_latest_eles.rs:1672:4
     |
1672 | fn find_path_to_leaf(io: &mut PdmsIO, current_page: u32, target_leaf:...
     |    ^^^^^^^^^^^^^^^^^

warning: function `find_leaf_in_index_tree` is never used
    --> /Volumes/DPC/work/plant-code/pdms-io/src/test/test_collect_latest_eles.rs:1710:4
     |
1710 | fn find_leaf_in_index_tree(io: &mut PdmsIO, target_leaf_page: u32, cu...
     |    ^^^^^^^^^^^^^^^^^^^^^^^

warning: function `analyze_missing_refno` is never used
    --> /Volumes/DPC/work/plant-code/pdms-io/src/test/test_collect_latest_eles.rs:1737:10
     |
1737 | async fn analyze_missing_refno(io: &mut PdmsIO, target_refno: RefU64) {
     |          ^^^^^^^^^^^^^^^^^^^^^

warning: function `search_page_in_level1_index` is never used
    --> /Volumes/DPC/work/plant-code/pdms-io/src/test/test_collect_latest_eles.rs:1916:4
     |
1916 | fn search_page_in_level1_index(io: &mut PdmsIO, target_page_no: u32) {
     |    ^^^^^^^^^^^^^^^^^^^^^^^^^^^

warning: function `analyze_correct_index_traversal` is never used
    --> /Volumes/DPC/work/plant-code/pdms-io/src/test/test_collect_latest_eles.rs:2039:10
     |
2039 | async fn analyze_correct_index_traversal(io: &mut PdmsIO, target_refn...
     |          ^^^^^^^^^^^^^^^^^^^^^^^^^^^^^^^

warning: function `analyze_level1_index_with_deduplication` is never used
    --> /Volumes/DPC/work/plant-code/pdms-io/src/test/test_collect_latest_eles.rs:2123:10
     |
2123 | async fn analyze_level1_index_with_deduplication(
     |          ^^^^^^^^^^^^^^^^^^^^^^^^^^^^^^^^^^^^^^^

warning: function `check_leaf_node_for_target` is never used
    --> /Volumes/DPC/work/plant-code/pdms-io/src/test/test_collect_latest_eles.rs:2181:10
     |
2181 | async fn check_leaf_node_for_target(io: &mut PdmsIO, page_no: u32, ta...
     |          ^^^^^^^^^^^^^^^^^^^^^^^^^^

warning: function `is_start_index_marker` is never used
    --> /Volumes/DPC/work/plant-code/pdms-io/src/test/test_collect_latest_eles.rs:2229:4
     |
2229 | fn is_start_index_marker(refno_0: u32, refno_1: u32) -> bool {
     |    ^^^^^^^^^^^^^^^^^^^^^

warning: function `test_new_search_strategy` is never used
    --> /Volumes/DPC/work/plant-code/pdms-io/src/test/test_collect_latest_eles.rs:2235:10
     |
2235 | async fn test_new_search_strategy(io: &mut PdmsIO, target_refno: RefU...
     |          ^^^^^^^^^^^^^^^^^^^^^^^^

warning: function `search_with_new_strategy` is never used
    --> /Volumes/DPC/work/plant-code/pdms-io/src/test/test_collect_latest_eles.rs:2340:10
     |
2340 | async fn search_with_new_strategy(io: &mut PdmsIO, page_no: u32, targ...
     |          ^^^^^^^^^^^^^^^^^^^^^^^^

warning: function `search_refno_in_btree_traditional` is never used
    --> /Volumes/DPC/work/plant-code/pdms-io/src/test/test_collect_latest_eles.rs:2489:4
     |
2489 | fn search_refno_in_btree_traditional(
     |    ^^^^^^^^^^^^^^^^^^^^^^^^^^^^^^^^^

warning: function `search_btree_traditional_recursive` is never used
    --> /Volumes/DPC/work/plant-code/pdms-io/src/test/test_collect_latest_eles.rs:2508:4
     |
2508 | fn search_btree_traditional_recursive(
     |    ^^^^^^^^^^^^^^^^^^^^^^^^^^^^^^^^^^

warning: function `search_refno_in_btree_optimized` is never used
    --> /Volumes/DPC/work/plant-code/pdms-io/src/test/test_collect_latest_eles.rs:2539:4
     |
2539 | fn search_refno_in_btree_optimized(
     |    ^^^^^^^^^^^^^^^^^^^^^^^^^^^^^^^

warning: function `search_btree_optimized_recursive` is never used
    --> /Volumes/DPC/work/plant-code/pdms-io/src/test/test_collect_latest_eles.rs:2563:4
     |
2563 | fn search_btree_optimized_recursive(
     |    ^^^^^^^^^^^^^^^^^^^^^^^^^^^^^^^^

warning: function `backtrack_and_continue_search` is never used
    --> /Volumes/DPC/work/plant-code/pdms-io/src/test/test_collect_latest_eles.rs:2762:4
     |
2762 | fn backtrack_and_continue_search(
     |    ^^^^^^^^^^^^^^^^^^^^^^^^^^^^^

warning: `gen-xkt` (lib) generated 4 warnings (run `cargo fix --lib -p gen-xkt` to apply 2 suggestions)
warning: `pdms_io` (lib) generated 21 warnings
   Compiling aios-database v0.2.0 (/Volumes/DPC/work/plant-code/gen-model-fork)
    Finished `release` profile [optimized] target(s) in 29.18s
     Running `target/release/aios-database`
📋 加载的配置:
   - default_lod: L2
   - LOD profiles 数量: 4
ℹ️ 未开启调试模式，本次运行将忽略配置中的 debug_model_refnos
数据库连接中...
🔄 数据库连接尝试 1/3
使用 aios_core::init_surreal 初始化数据库...
载入surreal attr_metadata.surql
载入surreal init_status.surql
载入surreal type_hierarchy_schema.surql
载入surreal get_room_nodes.surql
载入surreal material_common.surql
载入surreal common.surql
载入surreal gy_common.surql
载入surreal fn_query_room_code.surql
载入surreal fn_query_room_code_hh.surql
✓ 数据库初始化完成
✓ 功能测试通过
✅ 数据库连接成功
✅ 数据库连接成功: ws://127.0.0.1:8009 -> YCYK-E3D
载入surreal attr_metadata.surql
载入surreal init_status.surql
载入surreal type_hierarchy_schema.surql
载入surreal get_room_nodes.surql
载入surreal material_common.surql
载入surreal common.surql
载入surreal gy_common.surql
载入surreal fn_query_room_code.surql
载入surreal fn_query_room_code_hh.surql
正在重新定义dbnum_event...
成功重新定义update_dbnum_event
预加载方法完成。
正在生成模型
[gen_model] 启动 gen_all_geos_data: manual_refnos=0, incr_updates=0, target_sesno=None, gen_mesh=true, gen_model=true
Executing SQL:  select value (select value DBNO from CURD.refno where STYP=1) from only MDB where NAME='/SLYK' limit 1
[gen_model] 进入全量生成路径，共 10 个数据库待处理
[gen_model] -> 开始处理数据库 5521
[gen_model] -> 数据库 5521 insts 入库完成，用时 22746 ms
[gen_model] -> 数据库 5521 开始生成三角网格
[gen_model] -> 数据库 5521 三角网格生成完成，用时 1 ms
[gen_model] -> 数据库 5521 开始布尔运算
[gen_model] -> 数据库 5521 布尔运算完成，用时 0 ms
[gen_model] -> 数据库 5521 处理完成，总耗时 22747 ms
[gen_model] -> 开始处理数据库 5522
[gen_model] -> 数据库 5522 insts 入库完成，用时 22246 ms
[gen_model] -> 数据库 5522 开始生成三角网格
[gen_model] -> 数据库 5522 三角网格生成完成，用时 0 ms
[gen_model] -> 数据库 5522 开始布尔运算
[gen_model] -> 数据库 5522 布尔运算完成，用时 0 ms
[gen_model] -> 数据库 5522 处理完成，总耗时 22246 ms
[gen_model] -> 开始处理数据库 5523
[gen_model] -> 数据库 5523 insts 入库完成，用时 22384 ms
[gen_model] -> 数据库 5523 开始生成三角网格
[gen_model] -> 数据库 5523 三角网格生成完成，用时 0 ms
[gen_model] -> 数据库 5523 开始布尔运算
[gen_model] -> 数据库 5523 布尔运算完成，用时 0 ms
[gen_model] -> 数据库 5523 处理完成，总耗时 22384 ms
[gen_model] -> 开始处理数据库 5524
[gen_model] -> 数据库 5524 insts 入库完成，用时 22393 ms
[gen_model] -> 数据库 5524 开始生成三角网格
[gen_model] -> 数据库 5524 三角网格生成完成，用时 0 ms
[gen_model] -> 数据库 5524 开始布尔运算
[gen_model] -> 数据库 5524 布尔运算完成，用时 0 ms
[gen_model] -> 数据库 5524 处理完成，总耗时 22393 ms
[gen_model] -> 开始处理数据库 5525
处理21909_14240时，21385_8245元件库里的输入表达式有误 : ( 0.7 * ATTRIB RPRO LENG
处理21909_14240时，21385_8245元件库里的输入表达式有误 : ( -0.7 * ATTRIB RPRO LENG
处理21909_14240时，21385_8245元件库里的输入表达式有误 : ( 0.7 * ATTRIB RPRO LENG
处理21909_14240时，21385_8245元件库里的输入表达式有误 : ( -0.7 * ATTRIB RPRO LENG
处理30101_3680时，21385_8246元件库里的输入表达式有误 : ( 0.7 * ATTRIB RPRO LENG
处理30101_3680时，21385_8246元件库里的输入表达式有误 : ( -0.7 * ATTRIB RPRO LENG
处理30101_3680时，21385_8246元件库里的输入表达式有误 : ( 0.7 * ATTRIB RPRO LENG
处理30101_3680时，21385_8246元件库里的输入表达式有误 : ( -0.7 * ATTRIB RPRO LENG

==== 数据库操作总耗时统计 (ms) ====
处理元件库几何体: 212 花费总时间: 79446 ms

==== 数据库操作总耗时统计 (ms) ====
处理元件库几何体: 207 花费总时间: 1774 ms

==== 数据库操作总耗时统计 (ms) ====
处理元件库几何体: 623 花费总时间: 335 ms

==== 数据库操作总耗时统计 (ms) ====
处理元件库几何体: 3 花费总时间: 1 ms

==== 数据库操作总耗时统计 (ms) ====
处理元件库几何体: 7181 花费总时间: 23026 ms

==== 数据库操作总耗时统计 (ms) ====
处理元件库几何体: 4 花费总时间: 4 ms

==== 数据库操作总耗时统计 (ms) ====
处理元件库几何体: 63 花费总时间: 483 ms

==== 数据库操作总耗时统计 (ms) ====
处理元件库几何体: 96 花费总时间: 106 ms
