   Compiling aios-database v0.1.3 (/Volumes/DPC/work/gen-model)
    Finished `dev` profile [unoptimized + debuginfo] target(s) in 14.82s
     Running `target/debug/web_ui`
🚀 正在启动 AIOS Web UI 服务器...
📱 访问地址: http://localhost:8080
💡 数据库连接将在需要时自动建立
🔄 后台初始化数据库连接...
🚀 Web UI服务器启动成功！
📱 访问地址: http://localhost:8080
🎯 功能包括:
   - 数据库生成任务管理
   - 实时进度监控
   - 配置管理
   - 任务历史记录
[2025-09-11T14:08:49Z DEBUG tungstenite::handshake::client] Client handshake done.
⚠️  数据库连接失败: There was a problem with the database: There was a problem with authentication
   Web UI 功能不受影响，数据库功能将在连接恢复后可用
Failed to query SurrealDB for deployment sites
Failed to query SurrealDB for deployment sites
Failed to query SurrealDB for deployment site: wizard_fe8f8af9-074b-40b7-bb94-fe15a58a4781
Failed to query SurrealDB for deployment sites
Failed to query SurrealDB for deployment sites
Failed to query SurrealDB for deployment site: wizard_fe8f8af9-074b-40b7-bb94-fe15a58a4781
Failed to query SurrealDB for deployment site: wizard_fe8f8af9-074b-40b7-bb94-fe15a58a4781
Failed to query SurrealDB for deployment sites
开始同步pdms/E3D: YCYK-E3D 的数据
正在移除dbnum_event以提高解析性能...
移除update_dbnum_event失败（可能不存在）: Api(Query("There was a problem with the database: IAM error: Not enough permissions to perform this action"))
[src/versioned_db/database.rs:179:5] "执行多线程解析" = "执行多线程解析"
开始解析 AvevaMarineSample 的 ["DICT", "SYST", "GLB", "GLOB"]
[src/versioned_db/database.rs:567:9] "项目文件夹指定不正确" = "项目文件夹指定不正确"
项目文件夹指定不正确
开始解析 AvevaMarineSample 的 ["DESI", "CATA"]
[src/versioned_db/database.rs:567:9] "项目文件夹指定不正确" = "项目文件夹指定不正确"
项目文件夹指定不正确
开始解析 AvevaCatalogue 的 ["DICT", "SYST", "GLB", "GLOB"]
[src/versioned_db/database.rs:567:9] "项目文件夹指定不正确" = "项目文件夹指定不正确"
项目文件夹指定不正确
开始解析 AvevaCatalogue 的 ["DESI", "CATA"]
[src/versioned_db/database.rs:567:9] "项目文件夹指定不正确" = "项目文件夹指定不正确"
项目文件夹指定不正确
开始解析 SCB 的 ["DICT", "SYST", "GLB", "GLOB"]
[src/versioned_db/database.rs:567:9] "项目文件夹指定不正确" = "项目文件夹指定不正确"
项目文件夹指定不正确
开始解析 SCB 的 ["DESI", "CATA"]
[src/versioned_db/database.rs:567:9] "项目文件夹指定不正确" = "项目文件夹指定不正确"
项目文件夹指定不正确
开始解析 ZDJ 的 ["DICT", "SYST", "GLB", "GLOB"]
[src/versioned_db/database.rs:567:9] "项目文件夹指定不正确" = "项目文件夹指定不正确"
项目文件夹指定不正确
开始解析 ZDJ 的 ["DESI", "CATA"]
[src/versioned_db/database.rs:567:9] "项目文件夹指定不正确" = "项目文件夹指定不正确"
项目文件夹指定不正确
正在重新定义dbnum_event...
重新定义update_dbnum_event失败: There was a problem with the database: IAM error: Not enough permissions to perform this action

Caused by:
    There was a problem with the database: IAM error: Not enough permissions to perform this action
创建表花费时间: 0 ms
初始化数据库时间: 28 ms
Failed to query SurrealDB for deployment sites
Failed to query SurrealDB for deployment site: wizard_fe8f8af9-074b-40b7-bb94-fe15a58a4781
Failed to query SurrealDB for deployment sites
Failed to query SurrealDB for deployment sites
SurrealDB 进程启动，PID: 12657
SurrealDB 进程启动，PID: 12838
