[sigmap] using project root: D:/work/plant-code/old/gen-model
[sigmap] review-pr — 477 file(s) changed (113 source, 51 test)
  ⚠ missing tests: python/aios_client.py changed with no matching test
  ⚠ missing tests: python/pysrc/aios_db/__init__.py changed with no matching test
  ⚠ missing tests: python/scripts/baseline_with_cata.py changed with no matching test
  ⚠ missing tests: python/scripts/demo_element_diff.py changed with no matching test
  ⚠ missing tests: python/scripts/demo_export_obj.py changed with no matching test
  ⚠ missing tests: python/scripts/demo_noun_caps.py changed with no matching test
  ⚠ missing tests: python/scripts/probe_anc.py changed with no matching test
  ⚠ missing tests: python/scripts/rvm_aabb_compare.py changed with no matching test
  ⚠ missing tests: python/scripts/smoke_m1.py changed with no matching test
  ⚠ missing tests: python/scripts/smoke_m2.py changed with no matching test
  ⚠ missing tests: python/scripts/smoke_m2_client.py changed with no matching test
  ⚠ missing tests: python/scripts/smoke_m3.py changed with no matching test
  ⚠ missing tests: python/scripts/smoke_m4.py changed with no matching test
  ⚠ missing tests: python/scripts/smoke_m5.py changed with no matching test
  ⚠ missing tests: python/src/convert.rs changed with no matching test
  ⚠ missing tests: python/src/db_api.rs changed with no matching test
  ⚠ missing tests: python/src/exec_api.rs changed with no matching test
  ⚠ missing tests: python/src/lib.rs changed with no matching test
  ⚠ missing tests: python/testbed/net_changes_probe.py changed with no matching test
  ⚠ missing tests: python/testbed/run_full_loop.py changed with no matching test
  ⚠ missing tests: python/testbed/spatial_acceptance_probe.py changed with no matching test
  ⚠ missing tests: python/testbed/spatial_tree_8000.py changed with no matching test
  ⚠ missing tests: scripts/python/gen_model_testing/__init__.py changed with no matching test
  ⚠ missing tests: scripts/python/gen_model_testing/e3d_tty.py changed with no matching test
  ⚠ missing tests: scripts/python/gen_model_testing/rust_tools.py changed with no matching test
  ⚠ missing tests: scripts/python/run_db8000_increment.py changed with no matching test
  ⚠ missing tests: src/bin/db8000_two_delete_fixture/archive.rs changed with no matching test
  ⚠ missing tests: src/bin/db_session_fixture/archive_util.rs changed with no matching test
  ⚠ missing tests: src/bin/db_session_fixture/format.rs changed with no matching test
  ⚠ missing tests: src/bin/db_session_fixture/pipeline.rs changed with no matching test
  ⚠ missing tests: src/bin/db_session_fixture/session_cut.rs changed with no matching test
  ⚠ missing tests: src/bin/db_window_repair.rs changed with no matching test
  ⚠ missing tests: src/bin/l3_suite.rs changed with no matching test
  ⚠ missing tests: src/bin/node_gen_room_probe.rs changed with no matching test
  ⚠ missing tests: src/data_interface/batch_queue.rs changed with no matching test
  ⚠ missing tests: src/data_interface/batch_scheduler.rs changed with no matching test
  ⚠ missing tests: src/data_interface/batch_worker.rs changed with no matching test
  ⚠ missing tests: src/data_interface/cata_closure.rs changed with no matching test
  ⚠ missing tests: src/data_interface/db_model.rs changed with no matching test
  ⚠ missing tests: src/data_interface/dbnum_state.rs changed with no matching test
  ⚠ missing tests: src/data_interface/debug_scope.rs changed with no matching test
  ⚠ missing tests: src/data_interface/embedded_surql.rs changed with no matching test
  ⚠ missing tests: src/data_interface/extract_family.rs changed with no matching test
  ⚠ missing tests: src/data_interface/fast_delete.rs changed with no matching test
  ⚠ missing tests: src/data_interface/geom_error.rs changed with no matching test
  ⚠ missing tests: src/data_interface/helper.rs changed with no matching test
  ⚠ missing tests: src/data_interface/increment_manager.rs changed with no matching test
  ⚠ missing tests: src/data_interface/increment_pipeline.rs changed with no matching test
  ⚠ missing tests: src/data_interface/initialization_phase.rs changed with no matching test
  ⚠ missing tests: src/data_interface/manual_update.rs changed with no matching test
  ⚠ missing tests: src/data_interface/model_refresh.rs changed with no matching test
  ⚠ missing tests: src/data_interface/model_update_pending.rs changed with no matching test
  ⚠ missing tests: src/data_interface/model_update_plan.rs changed with no matching test
  ⚠ missing tests: src/data_interface/on_demand_db.rs changed with no matching test
  ⚠ missing tests: src/data_interface/on_demand_model.rs changed with no matching test
  ⚠ missing tests: src/data_interface/parse_error.rs changed with no matching test
  ⚠ missing tests: src/data_interface/sesno_range.rs changed with no matching test
  ⚠ missing tests: src/data_interface/side_effect_pending.rs changed with no matching test
  ⚠ missing tests: src/data_interface/staging/attempts.rs changed with no matching test
  ⚠ missing tests: src/data_interface/staging/executor.rs changed with no matching test
  ⚠ missing tests: src/data_interface/staging/issue10_add_node.rs changed with no matching test
  ⚠ missing tests: src/data_interface/staging/lifecycle.rs changed with no matching test
  ⚠ missing tests: src/data_interface/staging/parity.rs changed with no matching test
  ⚠ missing tests: src/data_interface/staging/preload.rs changed with no matching test
  ⚠ missing tests: src/data_interface/staging/replay_safe.rs changed with no matching test
  ⚠ missing tests: src/data_interface/staging/resources.rs changed with no matching test
  ⚠ missing tests: src/data_interface/staging/write_context.rs changed with no matching test
  ⚠ missing tests: src/data_interface/sync_publisher.rs changed with no matching test
  ⚠ missing tests: src/data_interface/task_registry.rs changed with no matching test
  ⚠ missing tests: src/data_interface/update_scope.rs changed with no matching test
  ⚠ missing tests: src/data_interface/watch_scope.rs changed with no matching test
  ⚠ missing tests: src/data_interface/window_repair.rs changed with no matching test
  ⚠ missing tests: src/e3d_query.rs changed with no matching test
  ⚠ missing tests: src/fast_model/aabb_tree.rs changed with no matching test
  ⚠ missing tests: src/fast_model/cata_model.rs changed with no matching test
  ⚠ missing tests: src/fast_model/loop_model.rs changed with no matching test
  ⚠ missing tests: src/fast_model/manifold_bool.rs changed with no matching test
  ⚠ missing tests: src/fast_model/manifold_csg.rs changed with no matching test
  ⚠ missing tests: src/fast_model/manifold_tessellate.rs changed with no matching test
  ⚠ missing tests: src/fast_model/mesh_assert.rs changed with no matching test
  ⚠ missing tests: src/fast_model/mesh_primitives.rs changed with no matching test
  ⚠ missing tests: src/fast_model/occ_generate.rs changed with no matching test
  ⚠ missing tests: src/fast_model/pdms_inst.rs changed with no matching test
  ⚠ missing tests: src/fast_model/prim_model.rs changed with no matching test
  ⚠ missing tests: src/fast_model/room_fixture.rs changed with no matching test
  ⚠ missing tests: src/fast_model/room_live_issue7.rs changed with no matching test
  ⚠ missing tests: src/fast_model/room_model.rs changed with no matching test
  ⚠ missing tests: src/fast_model/shape_save.rs changed with no matching test
  ⚠ missing tests: src/fast_model/shared.rs changed with no matching test
  ⚠ missing tests: src/fast_model/spatial_state.rs changed with no matching test
  ⚠ missing tests: src/fast_model/sweep_mesh.rs changed with no matching test
  ⚠ missing tests: src/lib.rs changed with no matching test
  ⚠ missing tests: src/main.rs changed with no matching test
  ⚠ missing tests: src/noun_layout.rs changed with no matching test
  ⚠ missing tests: src/options.rs changed with no matching test
  ⚠ missing tests: src/rvm_baseline/mesh_compare.rs changed with no matching test
  ⚠ missing tests: src/surreal_retry.rs changed with no matching test
  ⚠ missing tests: src/versioned_db/database.rs changed with no matching test
  ⚠ missing tests: src/versioned_db/task.rs changed with no matching test
  ⚠ missing tests: src/web_service/handlers.rs changed with no matching test
  ⚠ sensitive path (path heuristic): .github/workflows/windows-tests.yml
  ✗ secret detected: DB Connection String in src/data_interface/db_model.rs
  ⚠ scope drift: 16 top-level dirs (.cargo, .cursor, ., .github, .specify, db_options, docs, issues, python, resource, scripts, specs, src, teach, test_data, tests)

  103 finding(s)
